// Jest Snapshot v1, https://goo.gl/fbAQLP

exports[`JSON Schema Example should generate correct schema 1`] = `
"directive @globalOptions(endpoint: String, operationHeaders: ObjMap, queryParams: ObjMap, queryStringOptions: ObjMap, sourceName: String) on OBJECT

directive @httpOperation(httpMethod: HttpMethod, isBinary: Boolean, operationSpecificHeaders: ObjMap, path: String, queryParamArgMap: ObjMap, queryStringOptionsByParam: ObjMap, requestBaseBody: ObjMap) on FIELD_DEFINITION

type Cat {
  adaptability: Int
  affectionLevel: Int
  altNames: String
  cfaUrl: String
  childFriendly: Int
  countryCode: String
  countryCodes: String
  description: JSON
  dogFriendly: Int
  energyLevel: Int
  experimental: Int
  grooming: Int
  hairless: Boolean
  healthIssues: Int
  hypoallergenic: Boolean
  id: String
  indoor: Boolean
  intelligence: Int
  lap: Boolean
  lifeSpan: String
  name: String
  natural: Boolean
  origin: String
  rare: Int
  referenceImageId: String
  rex: Int
  sheddingLevel: Int
  shortLegs: Boolean
  socialNeeds: Int
  strangerFriendly: Int
  suppressedTail: Boolean
  temperament: String
  vcahospitalsUrl: String
  vetstreetUrl: String
  vocalisation: Int
  weight: QueryBreedsItemsWeight
  wikipediaUrl: String
}

enum HttpMethod {
  CONNECT
  DELETE
  GET
  HEAD
  OPTIONS
  PATCH
  POST
  PUT
  TRACE
}

\\"\\"\\"
The \`JSON\` scalar type represents JSON values as specified by [ECMA-404](http://www.ecma-international.org/publications/files/ECMA-ST/ECMA-404.pdf).
\\"\\"\\"
scalar JSON @specifiedBy(url: \\"http://www.ecma-international.org/publications/files/ECMA-ST/ECMA-404.pdf\\")

scalar ObjMap

type Query {
  \\"\\"\\"/breeds\\"\\"\\"
  breeds(Content_Type: String, limit: Int, page: Int): [Cat]

  \\"\\"\\"/breeds/:breed_id\\"\\"\\"
  breedsByBreedId(Content_Type: String, breed_id: String!): JSON
}

type QueryBreedsItemsWeight {
  imperial: String
  metric: String
}"
`;
